// Jest Snapshot v1, https://goo.gl/fbAQLP

exports[`should render CardList component 1`] = `
"<div>
  <Card id={1} name=\\"Jon Snow\\" email=\\"jon@gmail.com\\" />
</div>"
`;
