// Jest Snapshot v1, https://goo.gl/fbAQLP

exports[`should render the MainPage without crashing 1`] = `
"<div className=\\"tc\\">
  <Header />
  <SearchBox onChange={[undefined]} />
  <Scroll>
    <ErrorBoundary>
      <CardList robots={{...}} />
    </ErrorBoundary>
  </Scroll>
</div>"
`;
